exports[`raw hooks expose a dedicated CSS module path 1`] = `
"{\\n  \\"requestId\\": \\"<WORKSPACE>/npm/unplugin-vize/src/test/fixtures/css-module/App.vue?vue=&type=style&index=0&lang=css&module=\\",\\n  \\"resolvedId\\": \\"<WORKSPACE>/npm/unplugin-vize/src/test/fixtures/css-module/App.vue.__vize_style_0.module.css?vue=&type=style&index=0&lang=css&vize-file=%2FUsers%2Fubugeeei%2Fprojects%2Fpersonal%2Foss%2Fubugeeei%2Fvize%2Fnpm%2Funplugin-vize%2Fsrc%2Ftest%2Ffixtures%2Fcss-module%2FApp.vue&module=\\",\\n  \\"loadedCss\\": \\"/n.root {/n  color: seagreen;/n}/n\\"\\n}"
`;
