---
source: crates/vize_atelier_sfc/src/snapshot_tests.rs
expression: js_output.as_str()
---
import { openBlock as _openBlock, createElementBlock as _createElementBlock, toDisplayString as _toDisplayString } from "vue"

const msg = 'hello'

export default {
  __name: 'test',
  setup(__props) {


return (_ctx, _cache) => {
  return (_openBlock(), _createElementBlock("div", null, _toDisplayString(msg)))
}
}

}
